=== DIAGNOSIS RULES UNIT TESTS ===

[TEST] Port Conflict (Proactive)...
[Diagnosis] Registered rule: Resource Exhaustion (cpu_exhaustion)
[Diagnosis] Registered rule: EULA Agreement Check (eula_check)
[Diagnosis] Registered rule: Missing Server Directory (missing_directory)
[Diagnosis] Registered rule: System RAM Check (insufficient_ram)
[Diagnosis] Registered rule: Port Binding Check (port_binding)
[Diagnosis] Registered rule: Java Version Mismatch (java_version)
[Diagnosis] Registered rule: Out of Memory (memory_oom)
[Diagnosis] Registered rule: Missing Server Jar (missing_jar)
[Diagnosis] Registered rule: Corrupted Server Config (bad_config)
[Diagnosis] Registered rule: FileSystem Permission Error (permission_denied)
[Diagnosis] Registered rule: Invalid Server IP Binding (invalid_ip)
[Diagnosis] Registered rule: Missing Mod Dependency (mod_dependency)
[Diagnosis] Registered rule: Duplicate Mods Detected (duplicate_mod)
[Diagnosis] Registered rule: Mixin Conflict (mixin_conflict)
[Diagnosis] Registered rule: Ticking Entity Crash (ticking_entity)
[Diagnosis] Registered rule: Server Watchdog Crash (watchdog_crash)
[Diagnosis] Registered rule: World Corruption Detected (world_corruption)
[Diagnosis] Registered rule: JVM/Native Crash (native_jvm_crash)
[Diagnosis] Registered rule: Missing Performance Flags (aikars_flags)
[Diagnosis] Registered rule: Massive Telemetry Logs (telemetry_cleanup)
[Diagnosis] Registered rule: Protocol/Mod Mismatch (network_protocol)
[Diagnosis] Registered rule: Packet Too Big (NBT Overflow) (packet_overflow)
[Diagnosis] Registered rule: Authentication/Network Failure (network_offline)
[Diagnosis] Registered rule: Configuration Out of Sync (config_sync)
[Diagnosis] Registered rule: Memory Leak Detection (memory_leak)
[Diagnosis] Registered rule: Database Integrity Check (data_integrity)
[Diagnosis] Registered rule: Server TPS Performance (tps_lag)
[Diagnosis] Registered rule: Node Health Check (node_health)
[Diagnosis] Registered rule: Disk Space Exhausted (disk_space_full)
[Diagnosis] Registered rule: Missing Forge/Fabric Libraries (forge_libraries_missing)
[Diagnosis] Registered rule: Critical Log Spam (log_spam_detected)
[Diagnosis] Registered rule: Missing Plugins Directory (plugin_folder_missing)
[Diagnosis] Registered rule: Duplicate Plugin JARs (plugin_duplicate_jar)
[Diagnosis] Registered rule: Incompatible Plugin (plugin_incompatible)
[Diagnosis] Registered rule: Plugin Access Denied (plugin_access_denied)
[Diagnosis] Registered rule: Plugin Changes Pending Restart (plugin_pending_restart)
[Diagnosis] Registered rule: Missing Bedrock Executable (bedrock_missing_exe)
[Diagnosis] Registered rule: Bedrock Port Binding Check (bedrock_port_binding)
[Diagnosis] Registered rule: Bedrock Linux Dependencies (bedrock_linux_deps)
[Diagnosis] Registered rule: Windows C++ Redistributable Check (bedrock_vcredist_missing)
[Diagnosis] Registered rule: Bedrock Version Check (bedrock_version_mismatch)
[Diagnosis] Registered rule: Bedrock JSON Config Check (bedrock_json_corrupted)
[Diagnosis] Registered rule: Bedrock level.dat Corruption (bedrock_level_dat_corrupt)
[Diagnosis] Registered rule: Bedrock WSL/Path Conflict (bedrock_wsl_path_issue)
[StorageFactory] Creating JSON provider for servers
  PASSED: Ghost Process Detected
  Summary: Port 25565 is blocked by a stray background Java process.
  Action: PURGE_GHOST { serverId: 'test-server' }
[TEST] Java Version Mismatch (Proactive)...
  PASSED: Incompatible Java Version
  Summary: Your server (Paper 1.21.1) requires at least Java 21, but is currently configured with Java 11. This will prevent the server from starting.
  Action: SWITCH_JAVA { serverId: 'test-server', version: 'Java 21' }
[TEST] Java Version Mismatch (Reactive)...
  PASSED: Incompatible Java Version
  Summary: Your server requires Java 17 or newer, but it tried to start with Java 11. Error Log: "exception in thread "main" java.lang.unsupportedclassversionerror: ... has been compiled by a more recent version of the java runtime (class file version 61.0)"
  Action: SWITCH_JAVA { serverId: 'test-server', version: 'Java 17' }
[TEST] World Corruption (level.dat)...
  FAILED: No diagnosis returned.
[TEST] Ticking Entity Extraction...
  PASSED: Ticking Entity Crash: Unknown Entity
  Summary: A specific entity (Unknown Entity) caused the server to crash. This is often a corrupted entity or a mod bug.
[TEST] Mixin Conflict Extraction...
  PASSED: Mod Incompatibility (Mixin)
  Summary: A mod (an unknown mod) failed to inject code into Minecraft via Mixin. This usually means two mods are trying to modify the same part of the game.
[TEST] Dependency Missing (GeckoLib)...
  FAILED: No diagnosis returned.

=== TESTS COMPLETE ===
Terminate batch job (Y/N)? Terminate batch job (Y/N)? 
^C